Microchip Technology Inc, v1.50 (B)

Tool Name:
  c:\program files\microchip\xc16\v1.50\bin\bin\..\bin/elf-ld.exe

Command:
  -p30F3012 \
  --mdfp=D:/Program Files (x86)/Microchip/MPLABX/v5.40/packs/Microchip/dsPIC30F_DFP/1.2.53/xc16 \
  -o \
  dist/default/production/dspic30F3012.X.production.elf \
  -Lc:/program files/microchip/xc16/v1.50/bin/bin/.. \
  -LD:/Program Files (x86)/Microchip/MPLABX/v5.40/packs/Microchip/dsPIC30F_DFP/1.2.53/xc16/bin/../support/dsPIC30F/gld \
  -Lc:/program files/microchip/xc16/v1.50/bin/bin/../../lib \
  -Lc:/program files/microchip/xc16/v1.50/bin/bin/../../support/PIC24E/gld \
  -Lc:/program files/microchip/xc16/v1.50/bin/bin/../../support/PIC24F/gld \
  -Lc:/program files/microchip/xc16/v1.50/bin/bin/../../support/PIC24H/gld \
  -Lc:/program files/microchip/xc16/v1.50/bin/bin/../../support/dsPIC30F/gld \
  -Lc:/program files/microchip/xc16/v1.50/bin/bin/../../support/dsPIC33C/gld \
  -Lc:/program files/microchip/xc16/v1.50/bin/bin/../../support/dsPIC33E/gld \
  -Lc:/program files/microchip/xc16/v1.50/bin/bin/../../support/dsPIC33F/gld \
  build/default/production/main.o \
  build/default/production/source/oled.o \
  --defsym=__MPLAB_BUILD=1 \
  -Tp30F3012.gld.00 \
  --stack=16 \
  --check-sections \
  --data-init \
  --pack-data \
  --handles \
  --isr \
  --no-gc-sections \
  --fill-upper=0 \
  --stackguard=16 \
  --no-force-link \
  --smart-io \
  -Map=dist/default/production/dspic30F3012.X.production.map \
  --report-mem \
  --memorysummary \
  dist/default/production/memoryfile.xml \
  -start-group \
  --library=lega-pic30-elf \
  --library=m-elf \
  --library=lega-c-elf \
  -end-group \


Optional library libp30F3012.a not found
Archive member included because of file (symbol)

c:/program files/microchip/xc16/v1.50/bin/bin/../../lib\liblega-pic30-elf.a(crt0_standard.o)
                              (__resetPRI)
c:/program files/microchip/xc16/v1.50/bin/bin/../../lib\liblega-pic30-elf.a(data_init_standard.o)
                              c:/program files/microchip/xc16/v1.50/bin/bin/../../lib\liblega-pic30-elf.a(crt0_standard.o) (__data_init_standard)
c:/program files/microchip/xc16/v1.50/bin/bin/../../lib\liblega-pic30-elf.a(crt_start_mode_normal.Leo)
                              (__crt_start_mode_normal)
c:/program files/microchip/xc16/v1.50/bin/bin/../../lib\liblega-pic30-elf.a(delay32.Leo)
                              build/default/production/main.o (___delay32)
c:/program files/microchip/xc16/v1.50/bin/bin/../../lib\libm-elf.a(divsf3.eo)
                              build/default/production/main.o (___divsf3)
c:/program files/microchip/xc16/v1.50/bin/bin/../../lib\libm-elf.a(floatsisf.eo)
                              build/default/production/main.o (___floatsisf)
c:/program files/microchip/xc16/v1.50/bin/bin/../../lib\libm-elf.a(fpack.eo)
                              c:/program files/microchip/xc16/v1.50/bin/bin/../../lib\libm-elf.a(divsf3.eo) (__fpack)
c:/program files/microchip/xc16/v1.50/bin/bin/../../lib\libm-elf.a(funpack2.eo)
                              c:/program files/microchip/xc16/v1.50/bin/bin/../../lib\libm-elf.a(divsf3.eo) (__funpack2)
c:/program files/microchip/xc16/v1.50/bin/bin/../../lib\libm-elf.a(futil.eo)
                              c:/program files/microchip/xc16/v1.50/bin/bin/../../lib\libm-elf.a(divsf3.eo) (__fPropagateNaN)
c:/program files/microchip/xc16/v1.50/bin/bin/../../lib\libm-elf.a(floatdisf.eo)
                              c:/program files/microchip/xc16/v1.50/bin/bin/../../lib\libm-elf.a(floatsisf.eo) (___floatdisf)
c:/program files/microchip/xc16/v1.50/bin/bin/../../lib\libm-elf.a(floatundisf.eo)
                              c:/program files/microchip/xc16/v1.50/bin/bin/../../lib\libm-elf.a(floatdisf.eo) (___floatundisf)
c:/program files/microchip/xc16/v1.50/bin/bin/../../lib\libm-elf.a(funpack.eo)
                              c:/program files/microchip/xc16/v1.50/bin/bin/../../lib\libm-elf.a(funpack2.eo) (__funpack)
c:/program files/microchip/xc16/v1.50/bin/bin/../../lib\liblega-c-elf.a(memmove.XX_eo)
                              build/default/production/source/oled.o (_memmove)
c:/program files/microchip/xc16/v1.50/bin/bin/../../lib\liblega-c-elf.a(sprintf_cdfFnopuxX.XXeo)
                              build/default/production/main.o (__sprintf_cdfFnopuxX)
c:/program files/microchip/xc16/v1.50/bin/bin/../../lib\liblega-c-elf.a(xprintf_cdfFnopuxX.XXeo)
                              c:/program files/microchip/xc16/v1.50/bin/bin/../../lib\liblega-c-elf.a(sprintf_cdfFnopuxX.XXeo) (___Printf_cdfFnopuxX)
c:/program files/microchip/xc16/v1.50/bin/bin/../../lib\liblega-c-elf.a(xputfld_cdfFnopuxX.XXeo)
                              c:/program files/microchip/xc16/v1.50/bin/bin/../../lib\liblega-c-elf.a(xprintf_cdfFnopuxX.XXeo) (___Putfld_cdfFnopuxX)
c:/program files/microchip/xc16/v1.50/bin/bin/../../lib\liblega-c-elf.a(xldtob_cdfFnopuxX.XXeo)
                              c:/program files/microchip/xc16/v1.50/bin/bin/../../lib\liblega-c-elf.a(xputfld_cdfFnopuxX.XXeo) (___Ldtob_cdfFnopuxX)
c:/program files/microchip/xc16/v1.50/bin/bin/../../lib\liblega-c-elf.a(xgenld_cdfFnopuxX.XXeo)
                              c:/program files/microchip/xc16/v1.50/bin/bin/../../lib\liblega-c-elf.a(xldtob_cdfFnopuxX.XXeo) (___Genld_cdfFnopuxX)
c:/program files/microchip/xc16/v1.50/bin/bin/../../lib\liblega-c-elf.a(div.XX_eo)
                              c:/program files/microchip/xc16/v1.50/bin/bin/../../lib\liblega-c-elf.a(xgenld_cdfFnopuxX.XXeo) (_div)
c:/program files/microchip/xc16/v1.50/bin/bin/../../lib\liblega-c-elf.a(ldiv.XX_eo)
                              c:/program files/microchip/xc16/v1.50/bin/bin/../../lib\liblega-c-elf.a(xldtob_cdfFnopuxX.XXeo) (_ldiv)
c:/program files/microchip/xc16/v1.50/bin/bin/../../lib\liblega-c-elf.a(memcpy.XX_eo)
                              c:/program files/microchip/xc16/v1.50/bin/bin/../../lib\liblega-c-elf.a(sprintf_cdfFnopuxX.XXeo) (_memcpy)
c:/program files/microchip/xc16/v1.50/bin/bin/../../lib\liblega-c-elf.a(strchr.XX_eo)
                              c:/program files/microchip/xc16/v1.50/bin/bin/../../lib\liblega-c-elf.a(xprintf_cdfFnopuxX.XXeo) (_strchr)
c:/program files/microchip/xc16/v1.50/bin/bin/../../lib\liblega-c-elf.a(xldunsca.XX_eo)
                              c:/program files/microchip/xc16/v1.50/bin/bin/../../lib\liblega-c-elf.a(xldtob_cdfFnopuxX.XXeo) (__LDunscale)
c:/program files/microchip/xc16/v1.50/bin/bin/../../lib\liblega-c-elf.a(xlitob.XX_eo)
                              c:/program files/microchip/xc16/v1.50/bin/bin/../../lib\liblega-c-elf.a(xputfld_cdfFnopuxX.XXeo) (__Litob)
c:/program files/microchip/xc16/v1.50/bin/bin/../../lib\liblega-c-elf.a(xputtxt.XX_eo)
                              c:/program files/microchip/xc16/v1.50/bin/bin/../../lib\liblega-c-elf.a(xprintf_cdfFnopuxX.XXeo) (__Puttxt)
c:/program files/microchip/xc16/v1.50/bin/bin/../../lib\liblega-c-elf.a(xvacopy.XX_eo)
                              c:/program files/microchip/xc16/v1.50/bin/bin/../../lib\liblega-c-elf.a(xprintf_cdfFnopuxX.XXeo) (__Vacopy)
c:/program files/microchip/xc16/v1.50/bin/bin/../../lib\liblega-c-elf.a(xdnorm.XX_elo)
                              c:/program files/microchip/xc16/v1.50/bin/bin/../../lib\liblega-c-elf.a(xldunsca.XX_eo) (__Dnorm)
c:/program files/microchip/xc16/v1.50/bin/bin/../../lib\libm-elf.a(deqltle.eo)
                              c:/program files/microchip/xc16/v1.50/bin/bin/../../lib\liblega-c-elf.a(xldtob_cdfFnopuxX.XXeo) (___ltdf2)
c:/program files/microchip/xc16/v1.50/bin/bin/../../lib\libm-elf.a(dgtge.eo)
                              c:/program files/microchip/xc16/v1.50/bin/bin/../../lib\liblega-c-elf.a(xldtob_cdfFnopuxX.XXeo) (___gtdf2)
c:/program files/microchip/xc16/v1.50/bin/bin/../../lib\libm-elf.a(divdf3.eo)
                              c:/program files/microchip/xc16/v1.50/bin/bin/../../lib\liblega-c-elf.a(xldtob_cdfFnopuxX.XXeo) (___divdf3)
c:/program files/microchip/xc16/v1.50/bin/bin/../../lib\libm-elf.a(divsi3.eo)
                              c:/program files/microchip/xc16/v1.50/bin/bin/../../lib\liblega-c-elf.a(xldtob_cdfFnopuxX.XXeo) (___divsi3)
c:/program files/microchip/xc16/v1.50/bin/bin/../../lib\libm-elf.a(dpack.eo)
                              c:/program files/microchip/xc16/v1.50/bin/bin/../../lib\libm-elf.a(divdf3.eo) (__dpack)
c:/program files/microchip/xc16/v1.50/bin/bin/../../lib\libm-elf.a(dunpack2.eo)
                              c:/program files/microchip/xc16/v1.50/bin/bin/../../lib\libm-elf.a(divdf3.eo) (__dunpack2)
c:/program files/microchip/xc16/v1.50/bin/bin/../../lib\libm-elf.a(extendsfdf.eo)
                              c:/program files/microchip/xc16/v1.50/bin/bin/../../lib\liblega-c-elf.a(xputfld_cdfFnopuxX.XXeo) (___extendsfdf2)
c:/program files/microchip/xc16/v1.50/bin/bin/../../lib\libm-elf.a(fixdfsi.eo)
                              c:/program files/microchip/xc16/v1.50/bin/bin/../../lib\liblega-c-elf.a(xldtob_cdfFnopuxX.XXeo) (_(float, int, long long, double, float, short, int))
c:/program files/microchip/xc16/v1.50/bin/bin/../../lib\libm-elf.a(floatsidf.eo)
                              c:/program files/microchip/xc16/v1.50/bin/bin/../../lib\liblega-c-elf.a(xldtob_cdfFnopuxX.XXeo) (___floatsidf)
c:/program files/microchip/xc16/v1.50/bin/bin/../../lib\libm-elf.a(muldf3.eo)
                              c:/program files/microchip/xc16/v1.50/bin/bin/../../lib\liblega-c-elf.a(xldtob_cdfFnopuxX.XXeo) (___muldf3)
c:/program files/microchip/xc16/v1.50/bin/bin/../../lib\libm-elf.a(subdf3.eo)
                              c:/program files/microchip/xc16/v1.50/bin/bin/../../lib\liblega-c-elf.a(xldtob_cdfFnopuxX.XXeo) (___subdf3)
c:/program files/microchip/xc16/v1.50/bin/bin/../../lib\libm-elf.a(udivsi3.eo)
                              c:/program files/microchip/xc16/v1.50/bin/bin/../../lib\liblega-c-elf.a(xlitob.XX_eo) (___udivsi3)
c:/program files/microchip/xc16/v1.50/bin/bin/../../lib\libm-elf.a(umodsi3.eo)
                              c:/program files/microchip/xc16/v1.50/bin/bin/../../lib\liblega-c-elf.a(xlitob.XX_eo) (___umodsi3)
c:/program files/microchip/xc16/v1.50/bin/bin/../../lib\libm-elf.a(mulsi3.eo)
                              c:/program files/microchip/xc16/v1.50/bin/bin/../../lib\liblega-c-elf.a(ldiv.XX_eo) (___mulsi3)
c:/program files/microchip/xc16/v1.50/bin/bin/../../lib\libm-elf.a(divmoddi3.eo)
                              c:/program files/microchip/xc16/v1.50/bin/bin/../../lib\liblega-c-elf.a(xlitob.XX_eo) (___udivdi3)
c:/program files/microchip/xc16/v1.50/bin/bin/../../lib\libm-elf.a(adddf3.eo)
                              c:/program files/microchip/xc16/v1.50/bin/bin/../../lib\libm-elf.a(subdf3.eo) (___adddf3)
c:/program files/microchip/xc16/v1.50/bin/bin/../../lib\libm-elf.a(dcompare.eo)
                              c:/program files/microchip/xc16/v1.50/bin/bin/../../lib\libm-elf.a(deqltle.eo) (__dcompare)
c:/program files/microchip/xc16/v1.50/bin/bin/../../lib\libm-elf.a(dpropagateNaN.eo)
                              c:/program files/microchip/xc16/v1.50/bin/bin/../../lib\libm-elf.a(dunpack2.eo) (__dPropagateNaN)
c:/program files/microchip/xc16/v1.50/bin/bin/../../lib\libm-elf.a(dtype.eo)
                              c:/program files/microchip/xc16/v1.50/bin/bin/../../lib\libm-elf.a(dcompare.eo) (__dtype)
c:/program files/microchip/xc16/v1.50/bin/bin/../../lib\libm-elf.a(dunpack.eo)
                              c:/program files/microchip/xc16/v1.50/bin/bin/../../lib\libm-elf.a(dunpack2.eo) (__dunpack)
c:/program files/microchip/xc16/v1.50/bin/bin/../../lib\libm-elf.a(floatdidf.eo)
                              c:/program files/microchip/xc16/v1.50/bin/bin/../../lib\libm-elf.a(floatsidf.eo) (___floatdidf)
c:/program files/microchip/xc16/v1.50/bin/bin/../../lib\libm-elf.a(floatundidf.eo)
                              c:/program files/microchip/xc16/v1.50/bin/bin/../../lib\libm-elf.a(floatdidf.eo) (___floatundidf)


Selected CodeGuard Options:
  FGS:GWRP:GWRP_OFF
  FGS:GCP:CODE_PROT_OFF

CodeGuard FLASH Memory:
  boot    (none)
  secure  (none)
  general 0x100 to 0x3ffe

CodeGuard RAM Memory:
  general 0x800 to 0xfff
  secure  (none)
  boot    (none)

CodeGuard EEPROM Memory:
  general 0x7ffc00 to 0x7fffff
  secure  (none)
  boot    (none)


xc16-ld 1.50 (B)

Default Code Model: Small
Default Data Model: Small
Default Scalar Model: Small

"program" Memory  [Origin = 0x100, Length = 0x3f00]

section                    address   length (PC units)   length (bytes) (dec)
-------                    -------   -----------------   --------------------
.text                        0x100              0x181e          0x242d  (9261)
.const                      0x191e               0x33a           0x4d7  (1239)
.text                       0x1c58               0x516           0x7a1  (1953)
.dinit                      0x216e                0x88            0xcc  (204)
.init.delay32               0x21f6                0x1c            0x2a  (42)

                 Total "program" memory used (bytes):         0x319b  (12699) 52%


"data" Memory  [Origin = 0x800, Length = 0x800]

section                    address      alignment gaps    total length  (dec)
-------                    -------      --------------    -------------------
.nbss                        0x800                   0             0x6  (6)
.data                        0x806                   0            0x96  (150)

                 Total "data" memory used (bytes):           0x9c  (156) 7%


Dynamic Memory Usage

region                     address                      maximum length  (dec)
------                     -------                      ---------------------
heap                             0                                   0  (0)
stack                        0x89c                               0x764  (1892)

                 Maximum dynamic memory (bytes):          0x764  (1892)

Info: Project is using a large data memory model when small data memory model is sufficient.


External Symbols in Data Memory (by address):

                    0x0800                  _T3Counter
                    0x0802                  _T1Counter

External Symbols in Data Memory (by name):

                    0x0802                  _T1Counter
                    0x0800                  _T3Counter

External Symbols in Program Memory (by address):

                  0x000100                  __resetPRI
                  0x00013c                  __psv_init
                  0x000152                  __data_init
                  0x000152                  __data_init_standard
                  0x0001cc                  __T3Interrupt
                  0x0001e6                  __T1Interrupt
                  0x000206                  __DefaultInterrupt
                  0x00020c                  ___divsf3
                  0x000290                  ___floatsisf
                  0x000296                  __fpack
                  0x0002e2                  __funpack2
                  0x0002f2                  __fPropagateNaN
                  0x000304                  __fbopExit
                  0x00030c                  __fbopReturnNaN
                  0x000312                  ___floatdisf
                  0x000332                  ___floatundisf
                  0x000390                  __funpack
                  0x0003ba                  _memmove
                  0x0003de                  sprintf_cdfFnopuxX.XXeo:_prout
                  0x0003ec                  __sprintf_cdfFnopuxX
                  0x00040a                  ___Printf_cdfFnopuxX
                  0x00056e                  ___Putfld_cdfFnopuxX
                  0x000814                  ___Ldtob_cdfFnopuxX
                  0x000a64                  ___Genld_cdfFnopuxX
                  0x000c6c                  _div
                  0x000c82                  _ldiv
                  0x000cac                  _memcpy
                  0x000cba                  _strchr
                  0x000cd2                  __LDunscale
                  0x000d26                  __Litob
                  0x000f84                  __Puttxt
                  0x0010fc                  __Vacopy
                  0x001100                  __Dnorm
                  0x001198                  ___ltdf2
                  0x001198                  ___ledf2
                  0x001198                  ___eqdf2
                  0x0011a2                  ___gedf2
                  0x0011a2                  ___gtdf2
                  0x0011ac                  ___divdf3
                  0x001260                  ___divsi3
                  0x00127e                  __dpack
                  0x0012d6                  __dunpack2
                  0x0012f8                  __dreturnNaN
                  0x0012fe                  __dunpack2exit
                  0x001308                  ___extendsfdf2
                  0x001346                  ___fixdfsi
                  0x00139e                  ___floatsidf
                  0x0013a4                  ___muldf3
                  0x001490                  ___subdf3
                  0x001494                  ___udivsi3
                  0x0014b4                  ___umodsi3
                  0x0014ba                  ___mulp32eds3
                  0x0014ba                  ___mulp32peds3
                  0x0014ba                  ___mulsi3
                  0x001512                  ___udivmoddi3
                  0x0015f8                  ___udivdi3
                  0x001606                  ___umoddi3
                  0x00160e                  ___divdi3
                  0x00166e                  ___moddi3
                  0x0016cc                  ___adddf3
                  0x0017c8                  __dcompare
                  0x00181a                  __dPropagateNaN
                  0x001836                  __dtype
                  0x00185a                  __dunpack
                  0x0018a8                  ___floatdidf
                  0x0018c8                  ___floatundidf
                  0x00191e                  _OledFont
                  0x001c58                  _i2c1Enable
                  0x001c66                  _i2c1Disable
                  0x001e68                  _i2c1Xfer
                  0x001e9a                  _i2c1Reset
                  0x001ebc                  _oledCommand
                  0x001ed8                  _oledDisplayOffset
                  0x001ef8                  _oledData
                  0x001f14                  _oledGotoYX
                  0x001f3e                  _oledPutChar
                  0x001f78                  _oledPrint
                  0x001f92                  _oledClear
                  0x001fc6                  _oledInit
                  0x00205a                  _main
                  0x0021f6                  ___delay32
                  0xf8000a                  __FGS.sec

External Symbols in Program Memory (by name):

                  0x00191e                  _OledFont
                  0x000206                  __DefaultInterrupt
                  0x001100                  __Dnorm
                  0xf8000a                  __FGS.sec
                  0x000cd2                  __LDunscale
                  0x000d26                  __Litob
                  0x000f84                  __Puttxt
                  0x0001e6                  __T1Interrupt
                  0x0001cc                  __T3Interrupt
                  0x0010fc                  __Vacopy
                  0x000a64                  ___Genld_cdfFnopuxX
                  0x000814                  ___Ldtob_cdfFnopuxX
                  0x00040a                  ___Printf_cdfFnopuxX
                  0x00056e                  ___Putfld_cdfFnopuxX
                  0x0016cc                  ___adddf3
                  0x0021f6                  ___delay32
                  0x0011ac                  ___divdf3
                  0x00160e                  ___divdi3
                  0x00020c                  ___divsf3
                  0x001260                  ___divsi3
                  0x001198                  ___eqdf2
                  0x001308                  ___extendsfdf2
                  0x001346                  ___fixdfsi
                  0x0018a8                  ___floatdidf
                  0x000312                  ___floatdisf
                  0x00139e                  ___floatsidf
                  0x000290                  ___floatsisf
                  0x0018c8                  ___floatundidf
                  0x000332                  ___floatundisf
                  0x0011a2                  ___gedf2
                  0x0011a2                  ___gtdf2
                  0x001198                  ___ledf2
                  0x001198                  ___ltdf2
                  0x00166e                  ___moddi3
                  0x0013a4                  ___muldf3
                  0x0014ba                  ___mulp32eds3
                  0x0014ba                  ___mulp32peds3
                  0x0014ba                  ___mulsi3
                  0x001490                  ___subdf3
                  0x0015f8                  ___udivdi3
                  0x001512                  ___udivmoddi3
                  0x001494                  ___udivsi3
                  0x001606                  ___umoddi3
                  0x0014b4                  ___umodsi3
                  0x00181a                  __dPropagateNaN
                  0x000152                  __data_init
                  0x000152                  __data_init_standard
                  0x0017c8                  __dcompare
                  0x00127e                  __dpack
                  0x0012f8                  __dreturnNaN
                  0x001836                  __dtype
                  0x00185a                  __dunpack
                  0x0012d6                  __dunpack2
                  0x0012fe                  __dunpack2exit
                  0x0002f2                  __fPropagateNaN
                  0x000304                  __fbopExit
                  0x00030c                  __fbopReturnNaN
                  0x000296                  __fpack
                  0x000390                  __funpack
                  0x0002e2                  __funpack2
                  0x00013c                  __psv_init
                  0x000100                  __resetPRI
                  0x0003ec                  __sprintf_cdfFnopuxX
                  0x000c6c                  _div
                  0x001c66                  _i2c1Disable
                  0x001c58                  _i2c1Enable
                  0x001e9a                  _i2c1Reset
                  0x001e68                  _i2c1Xfer
                  0x000c82                  _ldiv
                  0x00205a                  _main
                  0x000cac                  _memcpy
                  0x0003ba                  _memmove
                  0x001f92                  _oledClear
                  0x001ebc                  _oledCommand
                  0x001ef8                  _oledData
                  0x001ed8                  _oledDisplayOffset
                  0x001f14                  _oledGotoYX
                  0x001fc6                  _oledInit
                  0x001f78                  _oledPrint
                  0x001f3e                  _oledPutChar
                  0x000cba                  _strchr
                  0x0003de                  sprintf_cdfFnopuxX.XXeo:_prout

Memory Configuration

Name             Origin             Length             Attributes
data             0x000800           0x000800           a !xr
reset            0x000000           0x000004  
ivt              0x000004           0x00007c  
_reserved        0x000080           0x000004  
aivt             0x000084           0x00007c  
program          0x000100           0x003f00           xr
eedata           0x7ffc00           0x000400  
FUID0            0x8005c0           0x000002  
FUID1            0x8005c2           0x000002  
FUID2            0x8005c4           0x000002  
FUID3            0x8005c6           0x000002  
FOSC             0xf80000           0x000002  
FWDT             0xf80002           0x000002  
FBORPOR          0xf80004           0x000002  
RESERVED1        0xf80006           0x000002  
RESERVED2        0xf80008           0x000002  
FGS              0xf8000a           0x000002  
FICD             0xf8000c           0x000002  
*default*        0x000000           0xffffffff  

Linker script and memory map

LOAD build/default/production/main.o
LOAD build/default/production/source/oled.o
                    0x0001                  __MPLAB_BUILD = 0x1
LOAD p30F3012
LOAD c:/program files/microchip/xc16/v1.50/bin/bin/../../lib\libfx-elf.a
                    0x8005c0                  __FUID0 = 0x8005c0
                    0x8005c2                  __FUID1 = 0x8005c2
                    0x8005c4                  __FUID2 = 0x8005c4
                    0x8005c6                  __FUID3 = 0x8005c6
                    0xf80000                  __FOSC = 0xf80000
                    0xf80002                  __FWDT = 0xf80002
                    0xf80004                  __FBORPOR = 0xf80004
                    0xf80006                  __RESERVED1 = 0xf80006
                    0xf80008                  __RESERVED2 = 0xf80008
                    0xf8000a                  __FGS = 0xf8000a
                    0xf8000c                  __FICD = 0xf8000c
                    0x0001                  __NO_HANDLES = 0x1
                    0x0100                  __CODE_BASE = 0x100
                    0x3f00                  __CODE_LENGTH = 0x3f00
                    0x0004                  __IVT_BASE = 0x4
                    0x0084                  __AIVT_BASE = 0x84
                    0x0800                  __DATA_BASE = 0x800
                    0x0800                  __DATA_LENGTH = 0x800
                    0x0c00                  __YDATA_BASE = 0xc00

.reset            0x000000          0x4
                  0x000000          0x2 SHORT 0x100 ABSOLUTE (__reset)
                  0x000001          0x2 SHORT 0x4
                  0x000002          0x2 SHORT 0x0 ((ABSOLUTE (__reset) >> 0x10) & 0x7f)
                  0x000003          0x2 SHORT 0x0

.text             0x000100       0x181e
 *(.init)
 .init            0x000100         0x4c c:/program files/microchip/xc16/v1.50/bin/bin/../../lib\liblega-pic30-elf.a(crt0_standard.o)
                  0x000100                  __resetPRI
                  0x000100                  __reset
                  0x00013c                  __psv_init
 .init            0x00014c         0x7c c:/program files/microchip/xc16/v1.50/bin/bin/../../lib\liblega-pic30-elf.a(data_init_standard.o)
                  0x000152                  __data_init_standard
                  0x000152                  __data_init
 *(.user_init)
 *(.handle)
 *(.isr*)
 .isr.text        0x0001cc         0x3a build/default/production/main.o
                  0x0001cc                  __T3Interrupt
                  0x0001e6                  __T1Interrupt
 .isr             0x000206          0x4 default_isr
                  0x000206                  __DefaultInterrupt
 *(.libc)
 *(.libm)
 *(.libdsp)
 *(.lib*)
 .libpic30_crt_start_mode
                  0x00020a          0x2 c:/program files/microchip/xc16/v1.50/bin/bin/../../lib\liblega-pic30-elf.a(crt_start_mode_normal.Leo)
                  0x00020a                  __crt_start_mode
                  0x00020a                  __crt_start_mode_normal
 .libm.divfs3     0x00020c         0x84 c:/program files/microchip/xc16/v1.50/bin/bin/../../lib\libm-elf.a(divsf3.eo)
                  0x00020c                  ___divsf3
 .libm.floatsisf
                  0x000290          0x6 c:/program files/microchip/xc16/v1.50/bin/bin/../../lib\libm-elf.a(floatsisf.eo)
                  0x000290                  ___floatsisf
 .libm.fpack      0x000296         0x4c c:/program files/microchip/xc16/v1.50/bin/bin/../../lib\libm-elf.a(fpack.eo)
                  0x000296                  __fpack
 .libm.funpack2
                  0x0002e2         0x10 c:/program files/microchip/xc16/v1.50/bin/bin/../../lib\libm-elf.a(funpack2.eo)
                  0x0002e2                  __funpack2
 .libm.fPropagateNaN
                  0x0002f2         0x12 c:/program files/microchip/xc16/v1.50/bin/bin/../../lib\libm-elf.a(futil.eo)
                  0x0002f2                  __fPropagateNaN
 .libm.fbobExit
                  0x000304          0x8 c:/program files/microchip/xc16/v1.50/bin/bin/../../lib\libm-elf.a(futil.eo)
                  0x000304                  __fbopExit
 .libm.fbopReturnNaN
                  0x00030c          0x6 c:/program files/microchip/xc16/v1.50/bin/bin/../../lib\libm-elf.a(futil.eo)
                  0x00030c                  __fbopReturnNaN
 .libm.floatdisf
                  0x000312         0x20 c:/program files/microchip/xc16/v1.50/bin/bin/../../lib\libm-elf.a(floatdisf.eo)
                  0x000312                  ___floatdisf
 .libm.floatundisf
                  0x000332         0x5e c:/program files/microchip/xc16/v1.50/bin/bin/../../lib\libm-elf.a(floatundisf.eo)
                  0x000332                  ___floatundisf
 .libm.funpack    0x000390         0x2a c:/program files/microchip/xc16/v1.50/bin/bin/../../lib\libm-elf.a(funpack.eo)
                  0x000390                  __funpack
 .libc.memmove    0x0003ba         0x24 c:/program files/microchip/xc16/v1.50/bin/bin/../../lib\liblega-c-elf.a(memmove.XX_eo)
                  0x0003ba                  _memmove
 .libc.prout      0x0003de          0xe c:/program files/microchip/xc16/v1.50/bin/bin/../../lib\liblega-c-elf.a(sprintf_cdfFnopuxX.XXeo)
                  0x0003de                  sprintf_cdfFnopuxX.XXeo:_prout
 .libc._sprintf_cdfFnopuxX
                  0x0003ec         0x1e c:/program files/microchip/xc16/v1.50/bin/bin/../../lib\liblega-c-elf.a(sprintf_cdfFnopuxX.XXeo)
                  0x0003ec                  __sprintf_cdfFnopuxX
 .libc.__Printf_cdfFnopuxX
                  0x00040a        0x164 c:/program files/microchip/xc16/v1.50/bin/bin/../../lib\liblega-c-elf.a(xprintf_cdfFnopuxX.XXeo)
                  0x00040a                  ___Printf_cdfFnopuxX
 .libc.__Putfld_cdfFnopuxX
                  0x00056e        0x2a6 c:/program files/microchip/xc16/v1.50/bin/bin/../../lib\liblega-c-elf.a(xputfld_cdfFnopuxX.XXeo)
                  0x00056e                  ___Putfld_cdfFnopuxX
 .libc.__Ldtob_cdfFnopuxX
                  0x000814        0x250 c:/program files/microchip/xc16/v1.50/bin/bin/../../lib\liblega-c-elf.a(xldtob_cdfFnopuxX.XXeo)
                  0x000814                  ___Ldtob_cdfFnopuxX
 .libc.__Genld_cdfFnopuxX
                  0x000a64        0x208 c:/program files/microchip/xc16/v1.50/bin/bin/../../lib\liblega-c-elf.a(xgenld_cdfFnopuxX.XXeo)
                  0x000a64                  ___Genld_cdfFnopuxX
 .libc.div        0x000c6c         0x16 c:/program files/microchip/xc16/v1.50/bin/bin/../../lib\liblega-c-elf.a(div.XX_eo)
                  0x000c6c                  _div
 .libc.ldiv       0x000c82         0x2a c:/program files/microchip/xc16/v1.50/bin/bin/../../lib\liblega-c-elf.a(ldiv.XX_eo)
                  0x000c82                  _ldiv
 .libc.memcpy     0x000cac          0xe c:/program files/microchip/xc16/v1.50/bin/bin/../../lib\liblega-c-elf.a(memcpy.XX_eo)
                  0x000cac                  _memcpy
 .libc.strchr     0x000cba         0x18 c:/program files/microchip/xc16/v1.50/bin/bin/../../lib\liblega-c-elf.a(strchr.XX_eo)
                  0x000cba                  _strchr
 .libc._LDunscale
                  0x000cd2         0x54 c:/program files/microchip/xc16/v1.50/bin/bin/../../lib\liblega-c-elf.a(xldunsca.XX_eo)
                  0x000cd2                  __LDunscale
 .libc._Litob     0x000d26        0x25e c:/program files/microchip/xc16/v1.50/bin/bin/../../lib\liblega-c-elf.a(xlitob.XX_eo)
                  0x000d26                  __Litob
 .libc._Puttxt    0x000f84        0x178 c:/program files/microchip/xc16/v1.50/bin/bin/../../lib\liblega-c-elf.a(xputtxt.XX_eo)
                  0x000f84                  __Puttxt
 .libc._Vacopy    0x0010fc          0x4 c:/program files/microchip/xc16/v1.50/bin/bin/../../lib\liblega-c-elf.a(xvacopy.XX_eo)
                  0x0010fc                  __Vacopy
 .libc._Dnorm     0x001100         0x98 c:/program files/microchip/xc16/v1.50/bin/bin/../../lib\liblega-c-elf.a(xdnorm.XX_elo)
                  0x001100                  __Dnorm
 .libm.eqdf2      0x001198          0xa c:/program files/microchip/xc16/v1.50/bin/bin/../../lib\libm-elf.a(deqltle.eo)
                  0x001198                  ___eqdf2
                  0x001198                  ___ltdf2
                  0x001198                  ___ledf2
 .libm.gtdf2      0x0011a2          0xa c:/program files/microchip/xc16/v1.50/bin/bin/../../lib\libm-elf.a(dgtge.eo)
                  0x0011a2                  ___gtdf2
                  0x0011a2                  ___gedf2
 .libm.divdf3     0x0011ac         0xb4 c:/program files/microchip/xc16/v1.50/bin/bin/../../lib\libm-elf.a(divdf3.eo)
                  0x0011ac                  ___divdf3
 .libm.divsi3     0x001260         0x1e c:/program files/microchip/xc16/v1.50/bin/bin/../../lib\libm-elf.a(divsi3.eo)
                  0x001260                  ___divsi3
 .libm.dpack      0x00127e         0x58 c:/program files/microchip/xc16/v1.50/bin/bin/../../lib\libm-elf.a(dpack.eo)
                  0x00127e                  __dpack
 .libm.dunpack2
                  0x0012d6         0x32 c:/program files/microchip/xc16/v1.50/bin/bin/../../lib\libm-elf.a(dunpack2.eo)
                  0x0012d6                  __dunpack2
                  0x0012f8                  __dreturnNaN
                  0x0012fe                  __dunpack2exit
 .libm.extendsfdf2
                  0x001308         0x3e c:/program files/microchip/xc16/v1.50/bin/bin/../../lib\libm-elf.a(extendsfdf.eo)
                  0x001308                  ___extendsfdf2
 .libm.fixdfsi    0x001346         0x58 c:/program files/microchip/xc16/v1.50/bin/bin/../../lib\libm-elf.a(fixdfsi.eo)
                  0x001346                  _(float, int, long long, double, float, short, int)
 .libm.floatsidf
                  0x00139e          0x6 c:/program files/microchip/xc16/v1.50/bin/bin/../../lib\libm-elf.a(floatsidf.eo)
                  0x00139e                  ___floatsidf
 .libm.muldf3     0x0013a4         0xec c:/program files/microchip/xc16/v1.50/bin/bin/../../lib\libm-elf.a(muldf3.eo)
                  0x0013a4                  ___muldf3
 .libm.subdf3     0x001490          0x4 c:/program files/microchip/xc16/v1.50/bin/bin/../../lib\libm-elf.a(subdf3.eo)
                  0x001490                  ___subdf3
 .libm.udivsi3    0x001494         0x20 c:/program files/microchip/xc16/v1.50/bin/bin/../../lib\libm-elf.a(udivsi3.eo)
                  0x001494                  ___udivsi3
 .libm.umodsi3    0x0014b4          0x6 c:/program files/microchip/xc16/v1.50/bin/bin/../../lib\libm-elf.a(umodsi3.eo)
                  0x0014b4                  ___umodsi3
 .libm.mulsi3     0x0014ba          0xc c:/program files/microchip/xc16/v1.50/bin/bin/../../lib\libm-elf.a(mulsi3.eo)
                  0x0014ba                  ___mulp32peds3
                  0x0014ba                  ___mulsi3
                  0x0014ba                  ___mulp32eds3
 .libm.__PplusBdi
                  0x0014c6         0x26 c:/program files/microchip/xc16/v1.50/bin/bin/../../lib\libm-elf.a(divmoddi3.eo)
 .libm.__PminusBdi
                  0x0014ec         0x26 c:/program files/microchip/xc16/v1.50/bin/bin/../../lib\libm-elf.a(divmoddi3.eo)
 .libm.__udivmoddi3
                  0x001512         0xe6 c:/program files/microchip/xc16/v1.50/bin/bin/../../lib\libm-elf.a(divmoddi3.eo)
                  0x001512                  ___udivmoddi3
 .libm.__udivdi3
                  0x0015f8          0xe c:/program files/microchip/xc16/v1.50/bin/bin/../../lib\libm-elf.a(divmoddi3.eo)
                  0x0015f8                  ___udivdi3
 .libm.__umoddi3
                  0x001606          0x8 c:/program files/microchip/xc16/v1.50/bin/bin/../../lib\libm-elf.a(divmoddi3.eo)
                  0x001606                  ___umoddi3
 .libm.__divdi3
                  0x00160e         0x60 c:/program files/microchip/xc16/v1.50/bin/bin/../../lib\libm-elf.a(divmoddi3.eo)
                  0x00160e                  ___divdi3
 .libm.__moddi3
                  0x00166e         0x5c c:/program files/microchip/xc16/v1.50/bin/bin/../../lib\libm-elf.a(divmoddi3.eo)
                  0x00166e                  ___moddi3
 *fill*           0x0016ca          0x400
 .libm.adddf3     0x0016cc         0xfc c:/program files/microchip/xc16/v1.50/bin/bin/../../lib\libm-elf.a(adddf3.eo)
                  0x0016cc                  ___adddf3
 .libm.dcompare
                  0x0017c8         0x52 c:/program files/microchip/xc16/v1.50/bin/bin/../../lib\libm-elf.a(dcompare.eo)
                  0x0017c8                  __dcompare
 .libm.dPropagateNaN
                  0x00181a         0x1c c:/program files/microchip/xc16/v1.50/bin/bin/../../lib\libm-elf.a(dpropagateNaN.eo)
                  0x00181a                  __dPropagateNaN
 .libm.dtype      0x001836         0x24 c:/program files/microchip/xc16/v1.50/bin/bin/../../lib\libm-elf.a(dtype.eo)
                  0x001836                  __dtype
 .libm.dunpack    0x00185a         0x4e c:/program files/microchip/xc16/v1.50/bin/bin/../../lib\libm-elf.a(dunpack.eo)
                  0x00185a                  __dunpack
 .libm.floatdidf
                  0x0018a8         0x20 c:/program files/microchip/xc16/v1.50/bin/bin/../../lib\libm-elf.a(floatdidf.eo)
                  0x0018a8                  ___floatdidf
 .libm.floatundidf
                  0x0018c8         0x56 c:/program files/microchip/xc16/v1.50/bin/bin/../../lib\libm-elf.a(floatundidf.eo)
                  0x0018c8                  ___floatundidf

usercode
 *(usercode)

__FUID0
 *(__FUID0.sec*)

__FUID1
 *(__FUID1.sec*)

__FUID2
 *(__FUID2.sec*)

__FUID3
 *(__FUID3.sec*)

__FOSC
 *(__FOSC.sec*)

__FWDT
 *(__FWDT.sec*)

__FBORPOR
 *(__FBORPOR.sec*)

__RESERVED1
 *(__RESERVED1.sec*)

__RESERVED2
 *(__RESERVED2.sec*)

__FGS             0xf8000a          0x2
 *(__FGS.sec*)
 __FGS.sec        0xf8000a          0x2 /CW/_FGS€Ý·
                  0xf8000a                  __FGS.sec

__FICD
 *(__FICD.sec*)

user_eedata
 *(user_eedata)

userdata
 *(userdata)

.comment
 *(.comment)

.debug_info       0x000000       0x1268
 *(.debug_info)
 .debug_info      0x000000        0x952 build/default/production/main.o
 .debug_info      0x000952        0x916 build/default/production/source/oled.o
 *(.gnu.linkonce.wi.*)

.debug_abbrev     0x000000        0x317
 *(.debug_abbrev)
 .debug_abbrev    0x000000        0x121 build/default/production/main.o
 .debug_abbrev    0x000121        0x1f6 build/default/production/source/oled.o

.debug_line       0x000000        0x2fd
 *(.debug_line)
 .debug_line      0x000000        0x14e build/default/production/main.o
 .debug_line      0x00014e        0x1af build/default/production/source/oled.o

.debug_frame      0x000000        0x204
 *(.debug_frame)
 .debug_frame     0x000000         0x9e build/default/production/main.o
 .debug_frame     0x00009e        0x166 build/default/production/source/oled.o

.debug_str        0x000000         0x74
 *(.debug_str)
 .debug_str       0x000000         0x4e build/default/production/main.o
 .debug_str       0x00004e         0x26 build/default/production/source/oled.o

.debug_loc
 *(.debug_loc)

.debug_macinfo
 *(.debug_macinfo)

.debug_pubnames
                  0x000000        0x12d
 *(.debug_pubnames)
 .debug_pubnames
                  0x000000         0x59 build/default/production/main.o
 .debug_pubnames
                  0x000059         0xd4 build/default/production/source/oled.o

.debug_ranges
 *(.debug_ranges)

.debug_aranges    0x000000         0x30
 *(.debug_aranges)
 .debug_aranges
                  0x000000         0x18 build/default/production/main.o
 .debug_aranges
                  0x000018         0x18 build/default/production/source/oled.o
                    0x0000                  WREG0 = 0x0
                    0x0000                  _WREG0 = 0x0
                    0x0002                  WREG1 = 0x2
                    0x0002                  _WREG1 = 0x2
                    0x0004                  WREG2 = 0x4
                    0x0004                  _WREG2 = 0x4
                    0x0006                  WREG3 = 0x6
                    0x0006                  _WREG3 = 0x6
                    0x0008                  WREG4 = 0x8
                    0x0008                  _WREG4 = 0x8
                    0x000a                  WREG5 = 0xa
                    0x000a                  _WREG5 = 0xa
                    0x000c                  WREG6 = 0xc
                    0x000c                  _WREG6 = 0xc
                    0x000e                  WREG7 = 0xe
                    0x000e                  _WREG7 = 0xe
                    0x0010                  WREG8 = 0x10
                    0x0010                  _WREG8 = 0x10
                    0x0012                  WREG9 = 0x12
                    0x0012                  _WREG9 = 0x12
                    0x0014                  WREG10 = 0x14
                    0x0014                  _WREG10 = 0x14
                    0x0016                  WREG11 = 0x16
                    0x0016                  _WREG11 = 0x16
                    0x0018                  WREG12 = 0x18
                    0x0018                  _WREG12 = 0x18
                    0x001a                  WREG13 = 0x1a
                    0x001a                  _WREG13 = 0x1a
                    0x001c                  WREG14 = 0x1c
                    0x001c                  _WREG14 = 0x1c
                    0x001e                  WREG15 = 0x1e
                    0x001e                  _WREG15 = 0x1e
                    0x0020                  SPLIM = 0x20
                    0x0020                  _SPLIM = 0x20
                    0x0022                  ACCAL = 0x22
                    0x0022                  _ACCAL = 0x22
                    0x0024                  ACCAH = 0x24
                    0x0024                  _ACCAH = 0x24
                    0x0026                  ACCAU = 0x26
                    0x0026                  _ACCAU = 0x26
                    0x0028                  ACCBL = 0x28
                    0x0028                  _ACCBL = 0x28
                    0x002a                  ACCBH = 0x2a
                    0x002a                  _ACCBH = 0x2a
                    0x002c                  ACCBU = 0x2c
                    0x002c                  _ACCBU = 0x2c
                    0x002e                  PCL = 0x2e
                    0x002e                  _PCL = 0x2e
                    0x0030                  PCH = 0x30
                    0x0030                  _PCH = 0x30
                    0x0032                  TBLPAG = 0x32
                    0x0032                  _TBLPAG = 0x32
                    0x0034                  PSVPAG = 0x34
                    0x0034                  _PSVPAG = 0x34
                    0x0036                  RCOUNT = 0x36
                    0x0036                  _RCOUNT = 0x36
                    0x0038                  DCOUNT = 0x38
                    0x0038                  _DCOUNT = 0x38
                    0x003a                  DOSTARTL = 0x3a
                    0x003a                  _DOSTARTL = 0x3a
                    0x003c                  DOSTARTH = 0x3c
                    0x003c                  _DOSTARTH = 0x3c
                    0x003e                  DOENDL = 0x3e
                    0x003e                  _DOENDL = 0x3e
                    0x0040                  DOENDH = 0x40
                    0x0040                  _DOENDH = 0x40
                    0x0042                  SR = 0x42
                    0x0042                  _SR = 0x42
                    0x0042                  _SRbits = 0x42
                    0x0044                  CORCON = 0x44
                    0x0044                  _CORCON = 0x44
                    0x0044                  _CORCONbits = 0x44
                    0x0046                  MODCON = 0x46
                    0x0046                  _MODCON = 0x46
                    0x0046                  _MODCONbits = 0x46
                    0x0048                  XMODSRT = 0x48
                    0x0048                  _XMODSRT = 0x48
                    0x004a                  XMODEND = 0x4a
                    0x004a                  _XMODEND = 0x4a
                    0x004c                  YMODSRT = 0x4c
                    0x004c                  _YMODSRT = 0x4c
                    0x004e                  YMODEND = 0x4e
                    0x004e                  _YMODEND = 0x4e
                    0x0050                  XBREV = 0x50
                    0x0050                  _XBREV = 0x50
                    0x0050                  _XBREVbits = 0x50
                    0x0052                  DISICNT = 0x52
                    0x0052                  _DISICNT = 0x52
                    0x0052                  _DISICNTbits = 0x52
                    0x0080                  INTCON1 = 0x80
                    0x0080                  _INTCON1 = 0x80
                    0x0080                  _INTCON1bits = 0x80
                    0x0082                  INTCON2 = 0x82
                    0x0082                  _INTCON2 = 0x82
                    0x0082                  _INTCON2bits = 0x82
                    0x0084                  IFS0 = 0x84
                    0x0084                  _IFS0 = 0x84
                    0x0084                  _IFS0bits = 0x84
                    0x0086                  IFS1 = 0x86
                    0x0086                  _IFS1 = 0x86
                    0x0086                  _IFS1bits = 0x86
                    0x0088                  IFS2 = 0x88
                    0x0088                  _IFS2 = 0x88
                    0x0088                  _IFS2bits = 0x88
                    0x008c                  IEC0 = 0x8c
                    0x008c                  _IEC0 = 0x8c
                    0x008c                  _IEC0bits = 0x8c
                    0x008e                  IEC1 = 0x8e
                    0x008e                  _IEC1 = 0x8e
                    0x008e                  _IEC1bits = 0x8e
                    0x0090                  IEC2 = 0x90
                    0x0090                  _IEC2 = 0x90
                    0x0090                  _IEC2bits = 0x90
                    0x0094                  IPC0 = 0x94
                    0x0094                  _IPC0 = 0x94
                    0x0094                  _IPC0bits = 0x94
                    0x0096                  IPC1 = 0x96
                    0x0096                  _IPC1 = 0x96
                    0x0096                  _IPC1bits = 0x96
                    0x0098                  IPC2 = 0x98
                    0x0098                  _IPC2 = 0x98
                    0x0098                  _IPC2bits = 0x98
                    0x009a                  IPC3 = 0x9a
                    0x009a                  _IPC3 = 0x9a
                    0x009a                  _IPC3bits = 0x9a
                    0x009c                  IPC4 = 0x9c
                    0x009c                  _IPC4 = 0x9c
                    0x009c                  _IPC4bits = 0x9c
                    0x009e                  IPC5 = 0x9e
                    0x009e                  _IPC5 = 0x9e
                    0x009e                  _IPC5bits = 0x9e
                    0x00a8                  IPC10 = 0xa8
                    0x00a8                  _IPC10 = 0xa8
                    0x00a8                  _IPC10bits = 0xa8
                    0x00b0                  INTTREG = 0xb0
                    0x00b0                  _INTTREG = 0xb0
                    0x00b0                  _INTTREGbits = 0xb0
                    0x00c0                  CNEN1 = 0xc0
                    0x00c0                  _CNEN1 = 0xc0
                    0x00c0                  _CNEN1bits = 0xc0
                    0x00c4                  CNPU1 = 0xc4
                    0x00c4                  _CNPU1 = 0xc4
                    0x00c4                  _CNPU1bits = 0xc4
                    0x0100                  TMR1 = 0x100
                    0x0100                  _TMR1 = 0x100
                    0x0102                  PR1 = 0x102
                    0x0102                  _PR1 = 0x102
                    0x0104                  T1CON = 0x104
                    0x0104                  _T1CON = 0x104
                    0x0104                  _T1CONbits = 0x104
                    0x0106                  TMR2 = 0x106
                    0x0106                  _TMR2 = 0x106
                    0x0108                  TMR3HLD = 0x108
                    0x0108                  _TMR3HLD = 0x108
                    0x010a                  TMR3 = 0x10a
                    0x010a                  _TMR3 = 0x10a
                    0x010c                  PR2 = 0x10c
                    0x010c                  _PR2 = 0x10c
                    0x010e                  PR3 = 0x10e
                    0x010e                  _PR3 = 0x10e
                    0x0110                  T2CON = 0x110
                    0x0110                  _T2CON = 0x110
                    0x0110                  _T2CONbits = 0x110
                    0x0112                  T3CON = 0x112
                    0x0112                  _T3CON = 0x112
                    0x0112                  _T3CONbits = 0x112
                    0x0140                  IC1BUF = 0x140
                    0x0140                  _IC1BUF = 0x140
                    0x0142                  IC1CON = 0x142
                    0x0142                  _IC1CON = 0x142
                    0x0142                  _IC1CONbits = 0x142
                    0x0144                  IC2BUF = 0x144
                    0x0144                  _IC2BUF = 0x144
                    0x0146                  IC2CON = 0x146
                    0x0146                  _IC2CON = 0x146
                    0x0146                  _IC2CONbits = 0x146
                    0x0180                  OC1RS = 0x180
                    0x0180                  _OC1RS = 0x180
                    0x0182                  OC1R = 0x182
                    0x0182                  _OC1R = 0x182
                    0x0184                  OC1CON = 0x184
                    0x0184                  _OC1CON = 0x184
                    0x0184                  _OC1CONbits = 0x184
                    0x0186                  OC2RS = 0x186
                    0x0186                  _OC2RS = 0x186
                    0x0188                  OC2R = 0x188
                    0x0188                  _OC2R = 0x188
                    0x018a                  OC2CON = 0x18a
                    0x018a                  _OC2CON = 0x18a
                    0x018a                  _OC2CONbits = 0x18a
                    0x0200                  I2CRCV = 0x200
                    0x0200                  _I2CRCV = 0x200
                    0x0200                  _I2CRCVbits = 0x200
                    0x0202                  I2CTRN = 0x202
                    0x0202                  _I2CTRN = 0x202
                    0x0202                  _I2CTRNbits = 0x202
                    0x0204                  I2CBRG = 0x204
                    0x0204                  _I2CBRG = 0x204
                    0x0204                  _I2CBRGbits = 0x204
                    0x0206                  I2CCON = 0x206
                    0x0206                  _I2CCON = 0x206
                    0x0206                  _I2CCONbits = 0x206
                    0x0208                  I2CSTAT = 0x208
                    0x0208                  _I2CSTAT = 0x208
                    0x0208                  _I2CSTATbits = 0x208
                    0x020a                  I2CADD = 0x20a
                    0x020a                  _I2CADD = 0x20a
                    0x020a                  _I2CADDbits = 0x20a
                    0x020c                  U1MODE = 0x20c
                    0x020c                  _U1MODE = 0x20c
                    0x020c                  _U1MODEbits = 0x20c
                    0x020e                  U1STA = 0x20e
                    0x020e                  _U1STA = 0x20e
                    0x020e                  _U1STAbits = 0x20e
                    0x0210                  U1TXREG = 0x210
                    0x0210                  _U1TXREG = 0x210
                    0x0210                  _U1TXREGbits = 0x210
                    0x0212                  U1RXREG = 0x212
                    0x0212                  _U1RXREG = 0x212
                    0x0212                  _U1RXREGbits = 0x212
                    0x0214                  U1BRG = 0x214
                    0x0214                  _U1BRG = 0x214
                    0x0220                  SPI1STAT = 0x220
                    0x0220                  _SPI1STAT = 0x220
                    0x0220                  _SPI1STATbits = 0x220
                    0x0222                  SPI1CON = 0x222
                    0x0222                  _SPI1CON = 0x222
                    0x0222                  _SPI1CONbits = 0x222
                    0x0224                  SPI1BUF = 0x224
                    0x0224                  _SPI1BUF = 0x224
                    0x0280                  ADCBUF0 = 0x280
                    0x0280                  _ADCBUF0 = 0x280
                    0x0282                  ADCBUF1 = 0x282
                    0x0282                  _ADCBUF1 = 0x282
                    0x0284                  ADCBUF2 = 0x284
                    0x0284                  _ADCBUF2 = 0x284
                    0x0286                  ADCBUF3 = 0x286
                    0x0286                  _ADCBUF3 = 0x286
                    0x0288                  ADCBUF4 = 0x288
                    0x0288                  _ADCBUF4 = 0x288
                    0x028a                  ADCBUF5 = 0x28a
                    0x028a                  _ADCBUF5 = 0x28a
                    0x028c                  ADCBUF6 = 0x28c
                    0x028c                  _ADCBUF6 = 0x28c
                    0x028e                  ADCBUF7 = 0x28e
                    0x028e                  _ADCBUF7 = 0x28e
                    0x0290                  ADCBUF8 = 0x290
                    0x0290                  _ADCBUF8 = 0x290
                    0x0292                  ADCBUF9 = 0x292
                    0x0292                  _ADCBUF9 = 0x292
                    0x0294                  ADCBUFA = 0x294
                    0x0294                  _ADCBUFA = 0x294
                    0x0296                  ADCBUFB = 0x296
                    0x0296                  _ADCBUFB = 0x296
                    0x0298                  ADCBUFC = 0x298
                    0x0298                  _ADCBUFC = 0x298
                    0x029a                  ADCBUFD = 0x29a
                    0x029a                  _ADCBUFD = 0x29a
                    0x029c                  ADCBUFE = 0x29c
                    0x029c                  _ADCBUFE = 0x29c
                    0x029e                  ADCBUFF = 0x29e
                    0x029e                  _ADCBUFF = 0x29e
                    0x02a0                  ADCON1 = 0x2a0
                    0x02a0                  _ADCON1 = 0x2a0
                    0x02a0                  _ADCON1bits = 0x2a0
                    0x02a2                  ADCON2 = 0x2a2
                    0x02a2                  _ADCON2 = 0x2a2
                    0x02a2                  _ADCON2bits = 0x2a2
                    0x02a4                  ADCON3 = 0x2a4
                    0x02a4                  _ADCON3 = 0x2a4
                    0x02a4                  _ADCON3bits = 0x2a4
                    0x02a6                  ADCHS = 0x2a6
                    0x02a6                  _ADCHS = 0x2a6
                    0x02a6                  _ADCHSbits = 0x2a6
                    0x02a8                  ADPCFG = 0x2a8
                    0x02a8                  _ADPCFG = 0x2a8
                    0x02a8                  _ADPCFGbits = 0x2a8
                    0x02aa                  ADCSSL = 0x2aa
                    0x02aa                  _ADCSSL = 0x2aa
                    0x02aa                  _ADCSSLbits = 0x2aa
                    0x02c6                  TRISB = 0x2c6
                    0x02c6                  _TRISB = 0x2c6
                    0x02c6                  _TRISBbits = 0x2c6
                    0x02c8                  PORTB = 0x2c8
                    0x02c8                  _PORTB = 0x2c8
                    0x02c8                  _PORTBbits = 0x2c8
                    0x02ca                  LATB = 0x2ca
                    0x02ca                  _LATB = 0x2ca
                    0x02ca                  _LATBbits = 0x2ca
                    0x02cc                  TRISC = 0x2cc
                    0x02cc                  _TRISC = 0x2cc
                    0x02cc                  _TRISCbits = 0x2cc
                    0x02ce                  PORTC = 0x2ce
                    0x02ce                  _PORTC = 0x2ce
                    0x02ce                  _PORTCbits = 0x2ce
                    0x02d0                  LATC = 0x2d0
                    0x02d0                  _LATC = 0x2d0
                    0x02d0                  _LATCbits = 0x2d0
                    0x02d2                  TRISD = 0x2d2
                    0x02d2                  _TRISD = 0x2d2
                    0x02d2                  _TRISDbits = 0x2d2
                    0x02d4                  PORTD = 0x2d4
                    0x02d4                  _PORTD = 0x2d4
                    0x02d4                  _PORTDbits = 0x2d4
                    0x02d6                  LATD = 0x2d6
                    0x02d6                  _LATD = 0x2d6
                    0x02d6                  _LATDbits = 0x2d6
                    0x0740                  RCON = 0x740
                    0x0740                  _RCON = 0x740
                    0x0740                  _RCONbits = 0x740
                    0x0742                  OSCCON = 0x742
                    0x0742                  _OSCCON = 0x742
                    0x0742                  _OSCCONbits = 0x742
                    0x0742                  OSCCONL = 0x742
                    0x0742                  _OSCCONL = 0x742
                    0x0743                  OSCCONH = 0x743
                    0x0743                  _OSCCONH = 0x743
                    0x0744                  OSCTUN = 0x744
                    0x0744                  _OSCTUN = 0x744
                    0x0744                  _OSCTUNbits = 0x744
                    0x0760                  NVMCON = 0x760
                    0x0760                  _NVMCON = 0x760
                    0x0760                  _NVMCONbits = 0x760
                    0x0762                  NVMADR = 0x762
                    0x0762                  _NVMADR = 0x762
                    0x0764                  NVMADRU = 0x764
                    0x0764                  _NVMADRU = 0x764
                    0x0764                  _NVMADRUbits = 0x764
                    0x0766                  NVMKEY = 0x766
                    0x0766                  _NVMKEY = 0x766
                    0x0770                  PMD1 = 0x770
                    0x0770                  _PMD1 = 0x770
                    0x0770                  _PMD1bits = 0x770
                    0x0772                  PMD2 = 0x772
                    0x0772                  _PMD2 = 0x772
                    0x0772                  _PMD2bits = 0x772
                    0x0022                  ACCA = 0x22
                    0x0022                  _ACCA = 0x22
                    0x0028                  ACCB = 0x28
                    0x0028                  _ACCB = 0x28
                    0x0140                  IC1 = 0x140
                    0x0140                  _IC1 = 0x140
                    0x0144                  IC2 = 0x144
                    0x0144                  _IC2 = 0x144
                    0x0180                  OC1 = 0x180
                    0x0180                  _OC1 = 0x180
                    0x0186                  OC2 = 0x186
                    0x0186                  _OC2 = 0x186
                    0x0220                  SPI1 = 0x220
                    0x0220                  _SPI1 = 0x220
                    0x020c                  UART1 = 0x20c
                    0x020c                  _UART1 = 0x20c
START GROUP
LOAD c:/program files/microchip/xc16/v1.50/bin/bin/../../lib\liblega-pic30-elf.a
LOAD c:/program files/microchip/xc16/v1.50/bin/bin/../../lib\libm-elf.a
LOAD c:/program files/microchip/xc16/v1.50/bin/bin/../../lib\liblega-c-elf.a
END GROUP
OUTPUT(dist/default/production/dspic30F3012.X.production.elf elf32-pic30)
LOAD /CW/_FGS€Ý·
LOAD jump_table
LOAD default_isr
LOAD data_init

.debug_pubtypes
                  0x000030        0x150
 .debug_pubtypes
                  0x000030         0xd5 build/default/production/main.o
 .debug_pubtypes
                  0x000105         0x7b build/default/production/source/oled.o

__c30_signature
                  0x000180        0x12c
 __c30_signature
                  0x000180          0x6 build/default/production/main.o
 __c30_signature
                  0x000186          0x6 build/default/production/source/oled.o
 __c30_signature
                  0x00018c          0x6 c:/program files/microchip/xc16/v1.50/bin/bin/../../lib\liblega-pic30-elf.a(crt0_standard.o)
 __c30_signature
                  0x000192          0x6 c:/program files/microchip/xc16/v1.50/bin/bin/../../lib\liblega-pic30-elf.a(data_init_standard.o)
 __c30_signature
                  0x000198          0x6 c:/program files/microchip/xc16/v1.50/bin/bin/../../lib\liblega-pic30-elf.a(delay32.Leo)
 __c30_signature
                  0x00019e          0x6 c:/program files/microchip/xc16/v1.50/bin/bin/../../lib\libm-elf.a(divsf3.eo)
 __c30_signature
                  0x0001a4          0x6 c:/program files/microchip/xc16/v1.50/bin/bin/../../lib\libm-elf.a(floatsisf.eo)
 __c30_signature
                  0x0001aa          0x6 c:/program files/microchip/xc16/v1.50/bin/bin/../../lib\libm-elf.a(fpack.eo)
 __c30_signature
                  0x0001b0          0x6 c:/program files/microchip/xc16/v1.50/bin/bin/../../lib\libm-elf.a(funpack2.eo)
 __c30_signature
                  0x0001b6          0x6 c:/program files/microchip/xc16/v1.50/bin/bin/../../lib\libm-elf.a(futil.eo)
 __c30_signature
                  0x0001bc          0x6 c:/program files/microchip/xc16/v1.50/bin/bin/../../lib\libm-elf.a(floatdisf.eo)
 __c30_signature
                  0x0001c2          0x6 c:/program files/microchip/xc16/v1.50/bin/bin/../../lib\libm-elf.a(floatundisf.eo)
 __c30_signature
                  0x0001c8          0x6 c:/program files/microchip/xc16/v1.50/bin/bin/../../lib\libm-elf.a(funpack.eo)
 __c30_signature
                  0x0001ce          0x6 c:/program files/microchip/xc16/v1.50/bin/bin/../../lib\liblega-c-elf.a(memmove.XX_eo)
 __c30_signature
                  0x0001d4          0x6 c:/program files/microchip/xc16/v1.50/bin/bin/../../lib\liblega-c-elf.a(sprintf_cdfFnopuxX.XXeo)
 __c30_signature
                  0x0001da          0x6 c:/program files/microchip/xc16/v1.50/bin/bin/../../lib\liblega-c-elf.a(xprintf_cdfFnopuxX.XXeo)
 __c30_signature
                  0x0001e0          0x6 c:/program files/microchip/xc16/v1.50/bin/bin/../../lib\liblega-c-elf.a(xputfld_cdfFnopuxX.XXeo)
 __c30_signature
                  0x0001e6          0x6 c:/program files/microchip/xc16/v1.50/bin/bin/../../lib\liblega-c-elf.a(xldtob_cdfFnopuxX.XXeo)
 __c30_signature
                  0x0001ec          0x6 c:/program files/microchip/xc16/v1.50/bin/bin/../../lib\liblega-c-elf.a(xgenld_cdfFnopuxX.XXeo)
 __c30_signature
                  0x0001f2          0x6 c:/program files/microchip/xc16/v1.50/bin/bin/../../lib\liblega-c-elf.a(div.XX_eo)
 __c30_signature
                  0x0001f8          0x6 c:/program files/microchip/xc16/v1.50/bin/bin/../../lib\liblega-c-elf.a(ldiv.XX_eo)
 __c30_signature
                  0x0001fe          0x6 c:/program files/microchip/xc16/v1.50/bin/bin/../../lib\liblega-c-elf.a(memcpy.XX_eo)
 __c30_signature
                  0x000204          0x6 c:/program files/microchip/xc16/v1.50/bin/bin/../../lib\liblega-c-elf.a(strchr.XX_eo)
 __c30_signature
                  0x00020a          0x6 c:/program files/microchip/xc16/v1.50/bin/bin/../../lib\liblega-c-elf.a(xldunsca.XX_eo)
 __c30_signature
                  0x000210          0x6 c:/program files/microchip/xc16/v1.50/bin/bin/../../lib\liblega-c-elf.a(xlitob.XX_eo)
 __c30_signature
                  0x000216          0x6 c:/program files/microchip/xc16/v1.50/bin/bin/../../lib\liblega-c-elf.a(xputtxt.XX_eo)
 __c30_signature
                  0x00021c          0x6 c:/program files/microchip/xc16/v1.50/bin/bin/../../lib\liblega-c-elf.a(xvacopy.XX_eo)
 __c30_signature
                  0x000222          0x6 c:/program files/microchip/xc16/v1.50/bin/bin/../../lib\liblega-c-elf.a(xdnorm.XX_elo)
 __c30_signature
                  0x000228          0x6 c:/program files/microchip/xc16/v1.50/bin/bin/../../lib\libm-elf.a(deqltle.eo)
 __c30_signature
                  0x00022e          0x6 c:/program files/microchip/xc16/v1.50/bin/bin/../../lib\libm-elf.a(dgtge.eo)
 __c30_signature
                  0x000234          0x6 c:/program files/microchip/xc16/v1.50/bin/bin/../../lib\libm-elf.a(divdf3.eo)
 __c30_signature
                  0x00023a          0x6 c:/program files/microchip/xc16/v1.50/bin/bin/../../lib\libm-elf.a(divsi3.eo)
 __c30_signature
                  0x000240          0x6 c:/program files/microchip/xc16/v1.50/bin/bin/../../lib\libm-elf.a(dpack.eo)
 __c30_signature
                  0x000246          0x6 c:/program files/microchip/xc16/v1.50/bin/bin/../../lib\libm-elf.a(dunpack2.eo)
 __c30_signature
                  0x00024c          0x6 c:/program files/microchip/xc16/v1.50/bin/bin/../../lib\libm-elf.a(extendsfdf.eo)
 __c30_signature
                  0x000252          0x6 c:/program files/microchip/xc16/v1.50/bin/bin/../../lib\libm-elf.a(fixdfsi.eo)
 __c30_signature
                  0x000258          0x6 c:/program files/microchip/xc16/v1.50/bin/bin/../../lib\libm-elf.a(floatsidf.eo)
 __c30_signature
                  0x00025e          0x6 c:/program files/microchip/xc16/v1.50/bin/bin/../../lib\libm-elf.a(muldf3.eo)
 __c30_signature
                  0x000264          0x6 c:/program files/microchip/xc16/v1.50/bin/bin/../../lib\libm-elf.a(subdf3.eo)
 __c30_signature
                  0x00026a          0x6 c:/program files/microchip/xc16/v1.50/bin/bin/../../lib\libm-elf.a(udivsi3.eo)
 __c30_signature
                  0x000270          0x6 c:/program files/microchip/xc16/v1.50/bin/bin/../../lib\libm-elf.a(umodsi3.eo)
 __c30_signature
                  0x000276          0x6 c:/program files/microchip/xc16/v1.50/bin/bin/../../lib\libm-elf.a(mulsi3.eo)
 __c30_signature
                  0x00027c          0x6 c:/program files/microchip/xc16/v1.50/bin/bin/../../lib\libm-elf.a(divmoddi3.eo)
 __c30_signature
                  0x000282          0x6 c:/program files/microchip/xc16/v1.50/bin/bin/../../lib\libm-elf.a(adddf3.eo)
 __c30_signature
                  0x000288          0x6 c:/program files/microchip/xc16/v1.50/bin/bin/../../lib\libm-elf.a(dcompare.eo)
 __c30_signature
                  0x00028e          0x6 c:/program files/microchip/xc16/v1.50/bin/bin/../../lib\libm-elf.a(dpropagateNaN.eo)
 __c30_signature
                  0x000294          0x6 c:/program files/microchip/xc16/v1.50/bin/bin/../../lib\libm-elf.a(dtype.eo)
 __c30_signature
                  0x00029a          0x6 c:/program files/microchip/xc16/v1.50/bin/bin/../../lib\libm-elf.a(dunpack.eo)
 __c30_signature
                  0x0002a0          0x6 c:/program files/microchip/xc16/v1.50/bin/bin/../../lib\libm-elf.a(floatdidf.eo)
 __c30_signature
                  0x0002a6          0x6 c:/program files/microchip/xc16/v1.50/bin/bin/../../lib\libm-elf.a(floatundidf.eo)

.nbss               0x0800          0x6
 .nbss              0x0800          0x6 build/default/production/main.o
                    0x0800                  _T3Counter
                    0x0802                  _T1Counter

.data               0x0806         0x96
 .data              0x0806         0x58 c:/program files/microchip/xc16/v1.50/bin/bin/../../lib\liblega-c-elf.a(xldtob_cdfFnopuxX.XXeo)
 .data              0x085e         0x22 c:/program files/microchip/xc16/v1.50/bin/bin/../../lib\liblega-c-elf.a(xlitob.XX_eo)
 .data              0x0880         0x1a c:/program files/microchip/xc16/v1.50/bin/bin/../../lib\liblega-c-elf.a(xprintf_cdfFnopuxX.XXeo)
 .data              0x089a          0x2 c:/program files/microchip/xc16/v1.50/bin/bin/../../lib\liblega-c-elf.a(xgenld_cdfFnopuxX.XXeo)

.config_ICS       0xf8000c          0x2
 .config_ICS      0xf8000c          0x2 build/default/production/main.o

.config_MCLRE     0xf80004          0x2
 .config_MCLRE    0xf80004          0x2 build/default/production/main.o

.config_WDT       0xf80002          0x2
 .config_WDT      0xf80002          0x2 build/default/production/main.o

.config_FCKSMEN
                  0xf80000          0x2
 .config_FCKSMEN
                  0xf80000          0x2 build/default/production/main.o

.ivt._T3Interrupt
                  0x000022          0x2
 .ivt._T3Interrupt
                  0x000022          0x2 build/default/production/main.o

.ivt._T1Interrupt
                  0x00001a          0x2
 .ivt._T1Interrupt
                  0x00001a          0x2 build/default/production/main.o

.const              0x991e        0x33a load address 0x00191e  
 .const             0x991e        0x300 build/default/production/source/oled.o
                    0x991e                  _OledFont
 .const             0x9c1e         0x3a build/default/production/main.o

.text             0x001c58        0x516
 .text            0x001c58        0x402 build/default/production/source/oled.o
                  0x001c58                  _i2c1Enable
                  0x001c66                  _i2c1Disable
                  0x001e68                  _i2c1Xfer
                  0x001e9a                  _i2c1Reset
                  0x001ebc                  _oledCommand
                  0x001ed8                  _oledDisplayOffset
                  0x001ef8                  _oledData
                  0x001f14                  _oledGotoYX
                  0x001f3e                  _oledPutChar
                  0x001f78                  _oledPrint
                  0x001f92                  _oledClear
                  0x001fc6                  _oledInit
 .text            0x00205a        0x114 build/default/production/main.o
                  0x00205a                  _main

.dinit            0x00216e         0x88
 .dinit           0x00216e         0x88 data_init

.init.delay32     0x0021f6         0x1c
 .init.delay32    0x0021f6         0x1c c:/program files/microchip/xc16/v1.50/bin/bin/../../lib\liblega-pic30-elf.a(delay32.Leo)
                  0x0021f6                  ___delay32
